<html>
<body>
<pre>
<h1>µVision Build Log</h1>
<h2>Project:</h2>
C:\Users\dell\Documents\GitHub\GPSTrackingSystem\GPS PROJECT V2.1\FirstMileStone.uvproj
Project File Date:  06/09/2021

<h2>Output:</h2>
Rebuild target 'Target 1'
assembling startup_TM4C123.s...
compiling main.c...
Src\main.c(9): warning:  #177-D: variable "p5" was declared but never referenced
        Position p1, p2,p3,p4,p5,p6,p7,p8,avg1,avg2;
Src\main.c(9): warning:  #177-D: variable "p6" was declared but never referenced
        Position p1, p2,p3,p4,p5,p6,p7,p8,avg1,avg2;
Src\main.c(9): warning:  #177-D: variable "p7" was declared but never referenced
        Position p1, p2,p3,p4,p5,p6,p7,p8,avg1,avg2;
Src\main.c(9): warning:  #177-D: variable "p8" was declared but never referenced
        Position p1, p2,p3,p4,p5,p6,p7,p8,avg1,avg2;
Src\main.c(9): warning:  #550-D: variable "avg1" was set but never used
        Position p1, p2,p3,p4,p5,p6,p7,p8,avg1,avg2;
Src\main.c(9): warning:  #177-D: variable "avg2" was declared but never referenced
        Position p1, p2,p3,p4,p5,p6,p7,p8,avg1,avg2;
Src\main.c: 6 warnings, 0 errors
compiling SYSTICK_program.c...
compiling LCD_program.c...
compiling DIO_program.c...
compiling GPS_Calculations.c...
Src\GPS_Calculations.c(22): warning:  #177-D: function "absolute" was declared but never referenced
  static uint32_t absolute(int32_t num){
Src\GPS_Calculations.c: 1 warning, 0 errors
compiling PFInterruptInit.c...
compiling EEPROM.c...
compiling LED.c...
compiling UART.c...
linking...
Program Size: Code=13460 RO-data=1220 RW-data=0 ZI-data=608  
".\Dio_test.axf" - 0 Error(s), 7 Warning(s).
Load "C:\\Users\\dell\\Documents\\GitHub\\GPSTrackingSystem\\GPS PROJECT V2.1\\Dio_test.axf" 
Connecting: Mode=JTAG, Speed=1000000Hz
Erase Done.
Programming Done.
Verify OK.
